22:05:06.303Z  connected; STATUS -> OK:{"homed":0,"pos":0.00,"max_vol":20.00}
22:05:07.319Z  UP   0.5 mm sent (dt 1.016 s): no switch
22:05:08.335Z  UP   1.0 mm sent (dt 1.015 s): no switch
22:05:09.351Z  UP   1.5 mm sent (dt 1.016 s): no switch
22:05:10.367Z  UP   2.0 mm sent (dt 1.016 s): no switch
22:05:11.383Z  UP   2.5 mm sent (dt 1.016 s): no switch
22:05:12.398Z  UP   3.0 mm sent (dt 1.015 s): no switch
22:05:13.414Z  UP   3.5 mm sent (dt 1.016 s): no switch
22:05:14.430Z  UP   4.0 mm sent (dt 1.016 s): no switch
22:05:15.445Z  UP   4.5 mm sent (dt 1.015 s): no switch
22:05:16.461Z  UP   5.0 mm sent (dt 1.016 s): no switch
22:05:17.477Z  UP   5.5 mm sent (dt 1.016 s): no switch
22:05:18.493Z  UP   6.0 mm sent (dt 1.016 s): no switch
22:05:19.508Z  UP   6.5 mm sent (dt 1.015 s): no switch
22:05:20.524Z  UP   7.0 mm sent (dt 1.016 s): no switch
22:05:21.540Z  UP   7.5 mm sent (dt 1.016 s): no switch
22:05:22.556Z  UP   8.0 mm sent (dt 1.015 s): no switch
22:05:23.571Z  UP   8.5 mm sent (dt 1.016 s): no switch
22:05:24.587Z  UP   9.0 mm sent (dt 1.016 s): no switch
22:05:25.604Z  UP   9.5 mm sent (dt 1.016 s): no switch
22:05:26.619Z  UP  10.0 mm sent (dt 1.015 s): no switch
22:05:27.635Z  UP  10.5 mm sent (dt 1.016 s): no switch
22:05:28.651Z  UP  11.0 mm sent (dt 1.016 s): no switch
22:05:29.667Z  UP  11.5 mm sent (dt 1.016 s): no switch
22:05:30.682Z  UP  12.0 mm sent (dt 1.015 s): no switch
22:05:30.682Z  RESULT: no switch within 12.0 mm commanded UP.
22:05:30.690Z  EMAG_OFF -> OK:{"msg":"Electromagnet off"}
22:05:30.692Z  disconnected; exit 1
