18:52:54.676Z  connected in 3.77 s (the port open reset the Arduino)
18:52:54.684Z  STATUS -> OK:{"homed":0,"pos":0.00,"max_vol":20.00}
18:52:54.840Z  CMD 29 before: comm=0 (no UART reply) flags=0 [] CS=-1
18:52:54.881Z  start                      switch closed (below the top)  dt=0.021 s  -> OK:{"msg":"Moved relative","v":[0.00,2.00,200.00]}
18:52:55.897Z  UP search 1/6              UP    0.5 mm @   400/s  dt= 1.016 s (full move  0.995 s)  completed  -> OK:{"msg":"Moved relative","v":[0.00,398.00,400.00]}
18:52:56.913Z  UP search 2/6              UP    0.5 mm @   400/s  dt= 1.016 s (full move  0.995 s)  completed  -> OK:{"msg":"Moved relative","v":[0.00,398.00,400.00]}
18:52:57.121Z  UP search 3/6              UP    0.5 mm @   400/s  dt= 0.208 s (full move  0.995 s)  SWITCH OPENED after ~0.05 mm  -> ERR Command 16 failed: ERR:{"error":"Failed to move relative"}
18:52:57.121Z  DIRECTION PROVEN: UP opened the switch after ~1.05 mm
18:53:01.156Z  back off                   DOWN  2.0 mm @   400/s  dt= 4.035 s (full move  3.980 s)  completed  -> OK:{"msg":"Moved relative","v":[1.00,1592.00,400.00]}
18:53:02.884Z  ladder @ 1000              UP    4.0 mm @  1000/s  dt= 1.728 s (full move  3.184 s)  SWITCH OPENED after ~2.05 mm  -> ERR Command 16 failed: ERR:{"error":"Failed to move relative"}
18:53:06.919Z  back off                   DOWN  2.0 mm @   400/s  dt= 4.034 s (full move  3.980 s)  completed  -> OK:{"msg":"Moved relative","v":[1.00,1592.00,400.00]}
18:53:07.689Z  ladder @ 2500              UP    4.0 mm @  2500/s  dt= 0.770 s (full move  1.274 s)  SWITCH OPENED after ~2.10 mm  -> ERR Command 16 failed: ERR:{"error":"Failed to move relative"}
18:53:11.724Z  back off                   DOWN  2.0 mm @   400/s  dt= 4.035 s (full move  3.980 s)  completed  -> OK:{"msg":"Moved relative","v":[1.00,1592.00,400.00]}
18:53:12.018Z  ladder @ 10000             UP    4.0 mm @ 10000/s  dt= 0.294 s (full move  0.366 s)  SWITCH OPENED after ~2.12 mm  -> ERR Command 16 failed: ERR:{"error":"Failed to move relative"}
18:53:16.053Z  back off before HOME       DOWN  2.0 mm @   400/s  dt= 4.035 s (full move  3.980 s)  completed  -> OK:{"msg":"Moved relative","v":[1.00,1592.00,400.00]}
18:53:17.400Z  firmware HOME (cmd 10)  dt= 1.347 s  -> OK:{"msg":"Pipette homed"}
18:53:17.408Z  STATUS -> OK:{"homed":1,"pos":0.00,"max_vol":20.00}
18:53:17.445Z  after HOME                 switch closed (below the top)  dt=0.017 s  -> OK:{"msg":"Moved relative","v":[0.00,2.00,200.00]}
18:53:17.601Z  CMD 29 after: comm=0 (no UART reply) flags=0 [] CS=-1
18:53:17.609Z  EMAG_OFF -> OK:{"msg":"Electromagnet off"}
18:53:17.611Z  disconnected; exit 0
