GRBL is in Alarm state after connect. Home to clear. Status: <Alarm|WPos:389.333,235.000,125.000|FS:0,0>
GRBL alarm detected before protocol run; unlocking controller. Status: <Alarm|WPos:389.333,235.000,125.000|FS:0,0>
2026-08-26 17:09:44,035&grbl_cnc_mill&ERROR&driver&execute_command&400&Error executing command G01 X233.0 F2000: Command execution timed out after 5 seconds: Grbl 1.1h ['$' for help]
Error moving gantry to (233.0, 76.0, 111.0): Error executing command G01 X233.0 F2000: Command execution timed out after 5 seconds: Grbl 1.1h ['$' for help]
Protocol run failed; last commanded pose: {'instrument': 'OpentronsPipette', 'instrument_position': (285.0, 88.0, 111.0), 'gantry_position': (233.0, 76.0, 111.0), 'travel_z': 111.0}
Traceback (most recent call last):
  File "/home/PIUSER/CubOS/packages/core/src/cubos/gantry/gantry_driver/driver.py", line 374, in execute_command
    mill_response = self._wait_until_idle(
        mill_response, suppress_errors=suppress_errors
    )
  File "/home/PIUSER/CubOS/packages/core/src/cubos/gantry/gantry_driver/driver.py", line 565, in _wait_until_idle
    raise StatusReturnError(
        f"Command execution timed out after {timeout} seconds: {status}"
    )
cubos.gantry.gantry_driver.exceptions.StatusReturnError: Command execution timed out after 5 seconds: Grbl 1.1h ['$' for help]

The above exception was the direct cause of the following exception:

Traceback (most recent call last):
  File "/home/PIUSER/CubOS/packages/core/src/cubos/protocol_engine/setup.py", line 312, in run_on_hardware
    return protocol.execute(context)
           ~~~~~~~~~~~~~~~~^^^^^^^^^
  File "/home/PIUSER/CubOS/packages/core/src/cubos/protocol_engine/protocol.py", line 86, in execute
    result = step.execute(context)
  File "/home/PIUSER/CubOS/packages/core/src/cubos/protocol_engine/runtime.py", line 85, in execute
    return self.handler(context, **self.args)
           ~~~~~~~~~~~~^^^^^^^^^^^^^^^^^^^^^^
  File "/home/PIUSER/CubOS/packages/core/src/cubos/protocol_engine/commands/move.py", line 62, in move
    context.gantry.move(instrument, target, travel_z=travel_z)
    ~~~~~~~~~~~~~~~~~~~^^^^^^^^^^^^^^^^^^^^^^^^^^^^^^^^^^^^^^^
  File "/home/PIUSER/CubOS/packages/core/src/cubos/gantry/instrument_mount.py", line 82, in move
    self.controller.move_to(
    ~~~~~~~~~~~~~~~~~~~~~~~^
        gantry_x, gantry_y, gantry_z, travel_z=gantry_travel_z,
        ^^^^^^^^^^^^^^^^^^^^^^^^^^^^^^^^^^^^^^^^^^^^^^^^^^^^^^^
    )
    ^
  File "/home/PIUSER/CubOS/packages/core/src/cubos/gantry/gantry.py", line 228, in move_to
    self._mill.move_to(
    ~~~~~~~~~~~~~~~~~~^
        x_coordinate=machine_x,
        ^^^^^^^^^^^^^^^^^^^^^^^
    ...<2 lines>...
        travel_z=machine_travel_z,
        ^^^^^^^^^^^^^^^^^^^^^^^^^^
    )
    ^
  File "/home/PIUSER/CubOS/packages/core/src/cubos/gantry/gantry_driver/driver.py", line 889, in move_to
    self.execute_command(cmd)
    ~~~~~~~~~~~~~~~~~~~~^^^^^
  File "/home/PIUSER/CubOS/packages/core/src/cubos/gantry/gantry_driver/driver.py", line 403, in execute_command
    raise CommandExecutionError(
        f"Error executing command {command}: {str(exep)}"
    ) from exep
cubos.gantry.gantry_driver.exceptions.CommandExecutionError: Error executing command G01 X233.0 F2000: Command execution timed out after 5 seconds: Grbl 1.1h ['$' for help]
Protocol failed; retracting OpentronsPipette at current XY to safe_z 114.000.
Failure retract to safe_z failed; manual hardware check required: "Unknown instrument 'OpentronsPipette'. Available: pipette, vial_capper_decapper"
Traceback (most recent call last):
  File "/home/PIUSER/CubOS/packages/core/src/cubos/gantry/gantry_driver/driver.py", line 374, in execute_command
    mill_response = self._wait_until_idle(
        mill_response, suppress_errors=suppress_errors
    )
  File "/home/PIUSER/CubOS/packages/core/src/cubos/gantry/gantry_driver/driver.py", line 565, in _wait_until_idle
    raise StatusReturnError(
        f"Command execution timed out after {timeout} seconds: {status}"
    )
cubos.gantry.gantry_driver.exceptions.StatusReturnError: Command execution timed out after 5 seconds: Grbl 1.1h ['$' for help]

The above exception was the direct cause of the following exception:

Traceback (most recent call last):
  File "/home/PIUSER/CubOS/packages/core/src/cubos/protocol_engine/setup.py", line 312, in run_on_hardware
    return protocol.execute(context)
           ~~~~~~~~~~~~~~~~^^^^^^^^^
  File "/home/PIUSER/CubOS/packages/core/src/cubos/protocol_engine/protocol.py", line 86, in execute
    result = step.execute(context)
  File "/home/PIUSER/CubOS/packages/core/src/cubos/protocol_engine/runtime.py", line 85, in execute
    return self.handler(context, **self.args)
           ~~~~~~~~~~~~^^^^^^^^^^^^^^^^^^^^^^
  File "/home/PIUSER/CubOS/packages/core/src/cubos/protocol_engine/commands/move.py", line 62, in move
    context.gantry.move(instrument, target, travel_z=travel_z)
    ~~~~~~~~~~~~~~~~~~~^^^^^^^^^^^^^^^^^^^^^^^^^^^^^^^^^^^^^^^
  File "/home/PIUSER/CubOS/packages/core/src/cubos/gantry/instrument_mount.py", line 82, in move
    self.controller.move_to(
    ~~~~~~~~~~~~~~~~~~~~~~~^
        gantry_x, gantry_y, gantry_z, travel_z=gantry_travel_z,
        ^^^^^^^^^^^^^^^^^^^^^^^^^^^^^^^^^^^^^^^^^^^^^^^^^^^^^^^
    )
    ^
  File "/home/PIUSER/CubOS/packages/core/src/cubos/gantry/gantry.py", line 228, in move_to
    self._mill.move_to(
    ~~~~~~~~~~~~~~~~~~^
        x_coordinate=machine_x,
        ^^^^^^^^^^^^^^^^^^^^^^^
    ...<2 lines>...
        travel_z=machine_travel_z,
        ^^^^^^^^^^^^^^^^^^^^^^^^^^
    )
    ^
  File "/home/PIUSER/CubOS/packages/core/src/cubos/gantry/gantry_driver/driver.py", line 889, in move_to
    self.execute_command(cmd)
    ~~~~~~~~~~~~~~~~~~~~^^^^^
  File "/home/PIUSER/CubOS/packages/core/src/cubos/gantry/gantry_driver/driver.py", line 403, in execute_command
    raise CommandExecutionError(
        f"Error executing command {command}: {str(exep)}"
    ) from exep
cubos.gantry.gantry_driver.exceptions.CommandExecutionError: Error executing command G01 X233.0 F2000: Command execution timed out after 5 seconds: Grbl 1.1h ['$' for help]

During handling of the above exception, another exception occurred:

Traceback (most recent call last):
  File "/home/PIUSER/CubOS/packages/core/src/cubos/protocol_engine/setup.py", line 377, in _best_effort_retract_to_safe_z
    context.gantry.move(instrument, (x, y, safe_z), travel_z=safe_z)
    ~~~~~~~~~~~~~~~~~~~^^^^^^^^^^^^^^^^^^^^^^^^^^^^^^^^^^^^^^^^^^^^^
  File "/home/PIUSER/CubOS/packages/core/src/cubos/gantry/instrument_mount.py", line 60, in move
    instr = self._resolve_instrument(instrument)
  File "/home/PIUSER/CubOS/packages/core/src/cubos/gantry/instrument_mount.py", line 167, in _resolve_instrument
    raise KeyError(
    ...<2 lines>...
    )
KeyError: "Unknown instrument 'OpentronsPipette'. Available: pipette, vial_capper_decapper"
Traceback (most recent call last):
  File "/home/PIUSER/CubOS/packages/core/src/cubos/gantry/gantry_driver/driver.py", line 374, in execute_command
    mill_response = self._wait_until_idle(
        mill_response, suppress_errors=suppress_errors
    )
  File "/home/PIUSER/CubOS/packages/core/src/cubos/gantry/gantry_driver/driver.py", line 565, in _wait_until_idle
    raise StatusReturnError(
        f"Command execution timed out after {timeout} seconds: {status}"
    )
cubos.gantry.gantry_driver.exceptions.StatusReturnError: Command execution timed out after 5 seconds: Grbl 1.1h ['$' for help]

The above exception was the direct cause of the following exception:

Traceback (most recent call last):
  File "/home/PIUSER/CubOS/packages/core/src/cubos/tools/run_protocol.py", line 134, in main
    results = run_on_hardware(
        gantry_path,
    ...<6 lines>...
        initial_fluids=args.initial_fluids,
    )
  File "/home/PIUSER/CubOS/packages/core/src/cubos/protocol_engine/setup.py", line 312, in run_on_hardware
    return protocol.execute(context)
           ~~~~~~~~~~~~~~~~^^^^^^^^^
  File "/home/PIUSER/CubOS/packages/core/src/cubos/protocol_engine/protocol.py", line 86, in execute
    result = step.execute(context)
  File "/home/PIUSER/CubOS/packages/core/src/cubos/protocol_engine/runtime.py", line 85, in execute
    return self.handler(context, **self.args)
           ~~~~~~~~~~~~^^^^^^^^^^^^^^^^^^^^^^
  File "/home/PIUSER/CubOS/packages/core/src/cubos/protocol_engine/commands/move.py", line 62, in move
    context.gantry.move(instrument, target, travel_z=travel_z)
    ~~~~~~~~~~~~~~~~~~~^^^^^^^^^^^^^^^^^^^^^^^^^^^^^^^^^^^^^^^
  File "/home/PIUSER/CubOS/packages/core/src/cubos/gantry/instrument_mount.py", line 82, in move
    self.controller.move_to(
    ~~~~~~~~~~~~~~~~~~~~~~~^
        gantry_x, gantry_y, gantry_z, travel_z=gantry_travel_z,
        ^^^^^^^^^^^^^^^^^^^^^^^^^^^^^^^^^^^^^^^^^^^^^^^^^^^^^^^
    )
    ^
  File "/home/PIUSER/CubOS/packages/core/src/cubos/gantry/gantry.py", line 228, in move_to
    self._mill.move_to(
    ~~~~~~~~~~~~~~~~~~^
        x_coordinate=machine_x,
        ^^^^^^^^^^^^^^^^^^^^^^^
    ...<2 lines>...
        travel_z=machine_travel_z,
        ^^^^^^^^^^^^^^^^^^^^^^^^^^
    )
    ^
  File "/home/PIUSER/CubOS/packages/core/src/cubos/gantry/gantry_driver/driver.py", line 889, in move_to
    self.execute_command(cmd)
    ~~~~~~~~~~~~~~~~~~~~^^^^^
  File "/home/PIUSER/CubOS/packages/core/src/cubos/gantry/gantry_driver/driver.py", line 403, in execute_command
    raise CommandExecutionError(
        f"Error executing command {command}: {str(exep)}"
    ) from exep
cubos.gantry.gantry_driver.exceptions.CommandExecutionError: Error executing command G01 X233.0 F2000: Command execution timed out after 5 seconds: Grbl 1.1h ['$' for help]
------------------------------------------------------------
Protocol Setup Validation
------------------------------------------------------------

[1/4] Loading gantry config...
  OK: cub_xl_ben_pipette_capper.yaml
  Gantry type: cub_xl
  Working volume: X[0.0, 386.333]  Y[0.0, 232.0]  Z[0.0, 122.0]

[2/4] Loading deck config...
  OK: sterling_6vials_tiprack.yaml
  Labware (7):
    vial_1: vial at (187.0, 26.0, 55.0)
    vial_2: vial at (187.0, 59.0, 55.0)
    vial_3: vial at (187.0, 92.0, 55.0)
    vial_4: vial at (187.0, 125.0, 55.0)
    vial_5: vial at (187.0, 158.0, 55.0)
    vial_6: vial at (187.0, 191.0, 55.0)
    tip_rack: TipRack

[3/4] Loading instruments...
  OK: cub_xl_ben_pipette_capper.yaml (offline/mock - hardware not contacted)
  Instruments (2):
    vial_capper_decapper: offset=(0.0, 0.0), depth=-15.935
    pipette: offset=(52.0, 12.0), depth=0.0

[4/4] Loading protocol...
  OK: xy_square.yaml
  Steps: 55
    [0] home()
    [1] move(instrument='pipette', position='square_front_left', travel_z=111.0)
    [2] pause(seconds=2.0, reason='at square start (gantry 153, 76) -- Z 111 from here on')
    [3] move(instrument='pipette', position='square_front_right', travel_z=111.0)
    [4] move(instrument='pipette', position='square_back_right', travel_z=111.0)
    [5] move(instrument='pipette', position='square_back_left', travel_z=111.0)
    [6] move(instrument='pipette', position='square_front_left', travel_z=111.0)
    [7] pause(seconds=1.0, reason='lap 1/10 complete')
    [8] move(instrument='pipette', position='square_front_right', travel_z=111.0)
    [9] move(instrument='pipette', position='square_back_right', travel_z=111.0)
    [10] move(instrument='pipette', position='square_back_left', travel_z=111.0)
    [11] move(instrument='pipette', position='square_front_left', travel_z=111.0)
    [12] pause(seconds=1.0, reason='lap 2/10 complete')
    [13] move(instrument='pipette', position='square_front_right', travel_z=111.0)
    [14] move(instrument='pipette', position='square_back_right', travel_z=111.0)
    [15] move(instrument='pipette', position='square_back_left', travel_z=111.0)
    [16] move(instrument='pipette', position='square_front_left', travel_z=111.0)
    [17] pause(seconds=1.0, reason='lap 3/10 complete')
    [18] move(instrument='pipette', position='square_front_right', travel_z=111.0)
    [19] move(instrument='pipette', position='square_back_right', travel_z=111.0)
    [20] move(instrument='pipette', position='square_back_left', travel_z=111.0)
    [21] move(instrument='pipette', position='square_front_left', travel_z=111.0)
    [22] pause(seconds=1.0, reason='lap 4/10 complete')
    [23] move(instrument='pipette', position='square_front_right', travel_z=111.0)
    [24] move(instrument='pipette', position='square_back_right', travel_z=111.0)
    [25] move(instrument='pipette', position='square_back_left', travel_z=111.0)
    [26] move(instrument='pipette', position='square_front_left', travel_z=111.0)
    [27] pause(seconds=1.0, reason='lap 5/10 complete')
    [28] move(instrument='pipette', position='square_front_right', travel_z=111.0)
    [29] move(instrument='pipette', position='square_back_right', travel_z=111.0)
    [30] move(instrument='pipette', position='square_back_left', travel_z=111.0)
    [31] move(instrument='pipette', position='square_front_left', travel_z=111.0)
    [32] pause(seconds=1.0, reason='lap 6/10 complete')
    [33] move(instrument='pipette', position='square_front_right', travel_z=111.0)
    [34] move(instrument='pipette', position='square_back_right', travel_z=111.0)
    [35] move(instrument='pipette', position='square_back_left', travel_z=111.0)
    [36] move(instrument='pipette', position='square_front_left', travel_z=111.0)
    [37] pause(seconds=1.0, reason='lap 7/10 complete')
    [38] move(instrument='pipette', position='square_front_right', travel_z=111.0)
    [39] move(instrument='pipette', position='square_back_right', travel_z=111.0)
    [40] move(instrument='pipette', position='square_back_left', travel_z=111.0)
    [41] move(instrument='pipette', position='square_front_left', travel_z=111.0)
    [42] pause(seconds=1.0, reason='lap 8/10 complete')
    [43] move(instrument='pipette', position='square_front_right', travel_z=111.0)
    [44] move(instrument='pipette', position='square_back_right', travel_z=111.0)
    [45] move(instrument='pipette', position='square_back_left', travel_z=111.0)
    [46] move(instrument='pipette', position='square_front_left', travel_z=111.0)
    [47] pause(seconds=1.0, reason='lap 9/10 complete')
    [48] move(instrument='pipette', position='square_front_right', travel_z=111.0)
    [49] move(instrument='pipette', position='square_back_right', travel_z=111.0)
    [50] move(instrument='pipette', position='square_back_left', travel_z=111.0)
    [51] move(instrument='pipette', position='square_front_left', travel_z=111.0)
    [52] pause(seconds=1.0, reason='lap 10/10 complete')
    [53] move(instrument='pipette', position='deck_center', travel_z=111.0)
    [54] home()

Validating protocol motion bounds...
  OK (84 protocol target(s) checked)

Validating protocol semantics...
  OK

------------------------------------------------------------
RESULT: PASS - protocol motion targets within gantry bounds
Protocol is ready to run.
------------------------------------------------------------

------------------------------------------------------------
Running protocol on hardware...
------------------------------------------------------------


ERROR during execution: Error executing command G01 X233.0 F2000: Command execution timed out after 5 seconds: Grbl 1.1h ['$' for help]

------------------------------------------------------------
Protocol did not complete — 0 steps executed before exit.
Measurement data store: /home/PIUSER/.cubos/panda_data.db
Result CSV files:
  /home/PIUSER/CubOS/packages/core/src/cubos/data/results/campaign_20_20260826_230824/campaign.csv
  /home/PIUSER/CubOS/packages/core/src/cubos/data/results/campaign_20_20260826_230824/experiments.csv
  /home/PIUSER/CubOS/packages/core/src/cubos/data/results/campaign_20_20260826_230824/manifest.csv
------------------------------------------------------------
