------------------------------------------------------------
Protocol Setup Validation
------------------------------------------------------------

[1/4] Loading gantry config...
  OK: cub_xl_ben_pipette_capper.yaml
  Gantry type: cub_xl
  Working volume: X[0.0, 386.333]  Y[0.0, 232.0]  Z[0.0, 122.0]

[2/4] Loading deck config...
  OK: sterling_6vials_tiprack.yaml
  Labware (7):
    vial_1: vial at (187.0, 26.0, 55.0)
    vial_2: vial at (187.0, 59.0, 55.0)
    vial_3: vial at (187.0, 92.0, 55.0)
    vial_4: vial at (187.0, 125.0, 55.0)
    vial_5: vial at (187.0, 158.0, 55.0)
    vial_6: vial at (187.0, 191.0, 55.0)
    tip_rack: TipRack

[3/4] Loading instruments...
  OK: cub_xl_ben_pipette_capper.yaml (offline/mock - hardware not contacted)
  Instruments (2):
    vial_capper_decapper: offset=(0.0, 0.0), depth=-15.935
    pipette: offset=(52.0, 12.0), depth=0.0

[4/4] Loading protocol...
  OK: xy_square.yaml
  Steps: 55
    [0] home()
    [1] move(instrument='pipette', position='square_front_left', travel_z=111.0)
    [2] pause(seconds=2.0, reason='at square start (gantry 153, 76) -- Z 111 from here on')
    [3] move(instrument='pipette', position='square_front_right', travel_z=111.0)
    [4] move(instrument='pipette', position='square_back_right', travel_z=111.0)
    [5] move(instrument='pipette', position='square_back_left', travel_z=111.0)
    [6] move(instrument='pipette', position='square_front_left', travel_z=111.0)
    [7] pause(seconds=1.0, reason='lap 1/10 complete')
    [8] move(instrument='pipette', position='square_front_right', travel_z=111.0)
    [9] move(instrument='pipette', position='square_back_right', travel_z=111.0)
    [10] move(instrument='pipette', position='square_back_left', travel_z=111.0)
    [11] move(instrument='pipette', position='square_front_left', travel_z=111.0)
    [12] pause(seconds=1.0, reason='lap 2/10 complete')
    [13] move(instrument='pipette', position='square_front_right', travel_z=111.0)
    [14] move(instrument='pipette', position='square_back_right', travel_z=111.0)
    [15] move(instrument='pipette', position='square_back_left', travel_z=111.0)
    [16] move(instrument='pipette', position='square_front_left', travel_z=111.0)
    [17] pause(seconds=1.0, reason='lap 3/10 complete')
    [18] move(instrument='pipette', position='square_front_right', travel_z=111.0)
    [19] move(instrument='pipette', position='square_back_right', travel_z=111.0)
    [20] move(instrument='pipette', position='square_back_left', travel_z=111.0)
    [21] move(instrument='pipette', position='square_front_left', travel_z=111.0)
    [22] pause(seconds=1.0, reason='lap 4/10 complete')
    [23] move(instrument='pipette', position='square_front_right', travel_z=111.0)
    [24] move(instrument='pipette', position='square_back_right', travel_z=111.0)
    [25] move(instrument='pipette', position='square_back_left', travel_z=111.0)
    [26] move(instrument='pipette', position='square_front_left', travel_z=111.0)
    [27] pause(seconds=1.0, reason='lap 5/10 complete')
    [28] move(instrument='pipette', position='square_front_right', travel_z=111.0)
    [29] move(instrument='pipette', position='square_back_right', travel_z=111.0)
    [30] move(instrument='pipette', position='square_back_left', travel_z=111.0)
    [31] move(instrument='pipette', position='square_front_left', travel_z=111.0)
    [32] pause(seconds=1.0, reason='lap 6/10 complete')
    [33] move(instrument='pipette', position='square_front_right', travel_z=111.0)
    [34] move(instrument='pipette', position='square_back_right', travel_z=111.0)
    [35] move(instrument='pipette', position='square_back_left', travel_z=111.0)
    [36] move(instrument='pipette', position='square_front_left', travel_z=111.0)
    [37] pause(seconds=1.0, reason='lap 7/10 complete')
    [38] move(instrument='pipette', position='square_front_right', travel_z=111.0)
    [39] move(instrument='pipette', position='square_back_right', travel_z=111.0)
    [40] move(instrument='pipette', position='square_back_left', travel_z=111.0)
    [41] move(instrument='pipette', position='square_front_left', travel_z=111.0)
    [42] pause(seconds=1.0, reason='lap 8/10 complete')
    [43] move(instrument='pipette', position='square_front_right', travel_z=111.0)
    [44] move(instrument='pipette', position='square_back_right', travel_z=111.0)
    [45] move(instrument='pipette', position='square_back_left', travel_z=111.0)
    [46] move(instrument='pipette', position='square_front_left', travel_z=111.0)
    [47] pause(seconds=1.0, reason='lap 9/10 complete')
    [48] move(instrument='pipette', position='square_front_right', travel_z=111.0)
    [49] move(instrument='pipette', position='square_back_right', travel_z=111.0)
    [50] move(instrument='pipette', position='square_back_left', travel_z=111.0)
    [51] move(instrument='pipette', position='square_front_left', travel_z=111.0)
    [52] pause(seconds=1.0, reason='lap 10/10 complete')
    [53] move(instrument='pipette', position='deck_center', travel_z=111.0)
    [54] home()

Validating protocol motion bounds...
  OK (84 protocol target(s) checked)

Validating protocol semantics...
  OK

------------------------------------------------------------
RESULT: PASS - protocol motion targets within gantry bounds
Protocol is ready to run.
------------------------------------------------------------

------------------------------------------------------------
Running protocol in explicit offline mock mode...
------------------------------------------------------------


------------------------------------------------------------
Protocol complete — 55 steps executed.
Measurement data store: /home/PIUSER/.cubos/panda_data.db
Result CSV files:
  /home/PIUSER/CubOS/packages/core/src/cubos/data/results/campaign_18_20260826_230349/campaign.csv
  /home/PIUSER/CubOS/packages/core/src/cubos/data/results/campaign_18_20260826_230349/experiments.csv
  /home/PIUSER/CubOS/packages/core/src/cubos/data/results/campaign_18_20260826_230349/manifest.csv
------------------------------------------------------------
